{"sessionId": "0b439e", "location": "app.py:upload", "message": "upload entry", "data": {"request_files_keys": ["files"], "getlist_files_len": 1, "store_len": 2}, "timestamp": 1771699992782.6567, "hypothesisId": "H4"}
{"sessionId": "0b439e", "location": "app.py:upload", "message": "after read", "data": {"filename": "Adorned Pouncer [HOU] {2} (1PbcjvqDeGcnuqVBjg1CRnQ_dAZK5tqxz).jpg", "data_len": 908435}, "timestamp": 1771699992783.6775, "hypothesisId": "H2"}
{"sessionId": "0b439e", "location": "app.py:upload", "message": "validate_ok", "data": {"filename": "Adorned Pouncer [HOU] {2} (1PbcjvqDeGcnuqVBjg1CRnQ_dAZK5tqxz).jpg"}, "timestamp": 1771699992800.9915, "hypothesisId": "H1"}
{"sessionId": "0b439e", "location": "app.py:upload", "message": "before thumbnail", "data": {"filename": "Adorned Pouncer [HOU] {2} (1PbcjvqDeGcnuqVBjg1CRnQ_dAZK5tqxz).jpg"}, "timestamp": 1771699992800.9915, "hypothesisId": "H3"}
{"sessionId": "0b439e", "location": "app.py:upload", "message": "thumbnail_ok", "data": {"filename": "Adorned Pouncer [HOU] {2} (1PbcjvqDeGcnuqVBjg1CRnQ_dAZK5tqxz).jpg"}, "timestamp": 1771699992811.244, "hypothesisId": "H3"}
{"sessionId": "0b439e", "location": "app.py:upload", "message": "upload done", "data": {"files_count": 1, "thumbnails_count": 1, "store_len_after": 3}, "timestamp": 1771699992813.248, "hypothesisId": "H6"}
{"sessionId": "0b439e", "location": "app.py:upload", "message": "upload entry", "data": {"request_files_keys": ["files"], "getlist_files_len": 1, "store_len": 0}, "timestamp": 1771706444597.0933, "hypothesisId": "H4"}
{"sessionId": "0b439e", "location": "app.py:upload", "message": "after read", "data": {"filename": "Abrade (1H6RmL0jsAwiaUIuVE5KXNiQnlFT8njOc).png", "data_len": 5393118}, "timestamp": 1771706444599.3923, "hypothesisId": "H2"}
{"sessionId": "0b439e", "location": "app.py:upload", "message": "validate_ok", "data": {"filename": "Abrade (1H6RmL0jsAwiaUIuVE5KXNiQnlFT8njOc).png"}, "timestamp": 1771706444711.3506, "hypothesisId": "H1"}
{"sessionId": "0b439e", "location": "app.py:upload", "message": "before thumbnail", "data": {"filename": "Abrade (1H6RmL0jsAwiaUIuVE5KXNiQnlFT8njOc).png"}, "timestamp": 1771706444713.2678, "hypothesisId": "H3"}
{"sessionId": "0b439e", "location": "app.py:upload", "message": "thumbnail_ok", "data": {"filename": "Abrade (1H6RmL0jsAwiaUIuVE5KXNiQnlFT8njOc).png"}, "timestamp": 1771706444872.1223, "hypothesisId": "H3"}
{"sessionId": "0b439e", "location": "app.py:upload", "message": "upload done", "data": {"files_count": 1, "thumbnails_count": 1, "store_len_after": 1}, "timestamp": 1771706444872.1223, "hypothesisId": "H6"}
{"sessionId": "0b439e", "location": "app.py:upload", "message": "upload entry", "data": {"request_files_keys": ["files"], "getlist_files_len": 1, "store_len": 1}, "timestamp": 1771706446680.2634, "hypothesisId": "H4"}
{"sessionId": "0b439e", "location": "app.py:upload", "message": "after read", "data": {"filename": "Adorned Pouncer [HOU] {2} (1PbcjvqDeGcnuqVBjg1CRnQ_dAZK5tqxz).jpg", "data_len": 908435}, "timestamp": 1771706446681.1382, "hypothesisId": "H2"}
{"sessionId": "0b439e", "location": "app.py:upload", "message": "validate_ok", "data": {"filename": "Adorned Pouncer [HOU] {2} (1PbcjvqDeGcnuqVBjg1CRnQ_dAZK5tqxz).jpg"}, "timestamp": 1771706446700.0483, "hypothesisId": "H1"}
{"sessionId": "0b439e", "location": "app.py:upload", "message": "before thumbnail", "data": {"filename": "Adorned Pouncer [HOU] {2} (1PbcjvqDeGcnuqVBjg1CRnQ_dAZK5tqxz).jpg"}, "timestamp": 1771706446700.0483, "hypothesisId": "H3"}
{"sessionId": "0b439e", "location": "app.py:upload", "message": "thumbnail_ok", "data": {"filename": "Adorned Pouncer [HOU] {2} (1PbcjvqDeGcnuqVBjg1CRnQ_dAZK5tqxz).jpg"}, "timestamp": 1771706446716.0942, "hypothesisId": "H3"}
{"sessionId": "0b439e", "location": "app.py:upload", "message": "upload done", "data": {"files_count": 1, "thumbnails_count": 1, "store_len_after": 2}, "timestamp": 1771706446716.0942, "hypothesisId": "H6"}
{"sessionId": "0b439e", "location": "app.py:upload", "message": "upload entry", "data": {"request_files_keys": ["files"], "getlist_files_len": 1, "store_len": 2}, "timestamp": 1771706448356.4045, "hypothesisId": "H4"}
{"sessionId": "0b439e", "location": "app.py:upload", "message": "after read", "data": {"filename": "Agent Frank Horrigan (Wisnu Tan) (1r1uJYKvm2Qu81Sa03L9qLI-wQ6kXD78i).jpg", "data_len": 687944}, "timestamp": 1771706448356.4045, "hypothesisId": "H2"}
{"sessionId": "0b439e", "location": "app.py:upload", "message": "validate_ok", "data": {"filename": "Agent Frank Horrigan (Wisnu Tan) (1r1uJYKvm2Qu81Sa03L9qLI-wQ6kXD78i).jpg"}, "timestamp": 1771706448381.6714, "hypothesisId": "H1"}
{"sessionId": "0b439e", "location": "app.py:upload", "message": "before thumbnail", "data": {"filename": "Agent Frank Horrigan (Wisnu Tan) (1r1uJYKvm2Qu81Sa03L9qLI-wQ6kXD78i).jpg"}, "timestamp": 1771706448381.6714, "hypothesisId": "H3"}
{"sessionId": "0b439e", "location": "app.py:upload", "message": "thumbnail_ok", "data": {"filename": "Agent Frank Horrigan (Wisnu Tan) (1r1uJYKvm2Qu81Sa03L9qLI-wQ6kXD78i).jpg"}, "timestamp": 1771706448393.6836, "hypothesisId": "H3"}
{"sessionId": "0b439e", "location": "app.py:upload", "message": "upload done", "data": {"files_count": 1, "thumbnails_count": 1, "store_len_after": 3}, "timestamp": 1771706448393.6836, "hypothesisId": "H6"}
{"sessionId": "0b439e", "location": "app.py:upload", "message": "upload entry", "data": {"request_files_keys": ["files"], "getlist_files_len": 3, "store_len": 3}, "timestamp": 1771706451429.5999, "hypothesisId": "H4"}
{"sessionId": "0b439e", "location": "app.py:upload", "message": "after read", "data": {"filename": "Angel (BritishShoop) (1mYzMdxJX3-WaLH4l7OjDtZ_3DIxPyK0-).png", "data_len": 3076788}, "timestamp": 1771706451431.9377, "hypothesisId": "H2"}
{"sessionId": "0b439e", "location": "app.py:upload", "message": "validate_ok", "data": {"filename": "Angel (BritishShoop) (1mYzMdxJX3-WaLH4l7OjDtZ_3DIxPyK0-).png"}, "timestamp": 1771706451494.2947, "hypothesisId": "H1"}
{"sessionId": "0b439e", "location": "app.py:upload", "message": "before thumbnail", "data": {"filename": "Angel (BritishShoop) (1mYzMdxJX3-WaLH4l7OjDtZ_3DIxPyK0-).png"}, "timestamp": 1771706451494.2947, "hypothesisId": "H3"}
{"sessionId": "0b439e", "location": "app.py:upload", "message": "thumbnail_ok", "data": {"filename": "Angel (BritishShoop) (1mYzMdxJX3-WaLH4l7OjDtZ_3DIxPyK0-).png"}, "timestamp": 1771706451590.309, "hypothesisId": "H3"}
{"sessionId": "0b439e", "location": "app.py:upload", "message": "after read", "data": {"filename": "Angel Warrior (TCLB 025) (1bYiCnD3IJYnjB0BrkABkAJqr_uYM253u).png", "data_len": 5741428}, "timestamp": 1771706451592.31, "hypothesisId": "H2"}
{"sessionId": "0b439e", "location": "app.py:upload", "message": "validate_ok", "data": {"filename": "Angel Warrior (TCLB 025) (1bYiCnD3IJYnjB0BrkABkAJqr_uYM253u).png"}, "timestamp": 1771706451698.9233, "hypothesisId": "H1"}
{"sessionId": "0b439e", "location": "app.py:upload", "message": "before thumbnail", "data": {"filename": "Angel Warrior (TCLB 025) (1bYiCnD3IJYnjB0BrkABkAJqr_uYM253u).png"}, "timestamp": 1771706451698.9233, "hypothesisId": "H3"}
{"sessionId": "0b439e", "location": "app.py:upload", "message": "thumbnail_ok", "data": {"filename": "Angel Warrior (TCLB 025) (1bYiCnD3IJYnjB0BrkABkAJqr_uYM253u).png"}, "timestamp": 1771706451807.099, "hypothesisId": "H3"}
{"sessionId": "0b439e", "location": "app.py:upload", "message": "after read", "data": {"filename": "Animal Sanctuary (1BUse4elheDQ64Thv20zwQnY-Y-ucdZ49).png", "data_len": 12786330}, "timestamp": 1771706451810.8767, "hypothesisId": "H2"}
{"sessionId": "0b439e", "location": "app.py:upload", "message": "validate_ok", "data": {"filename": "Animal Sanctuary (1BUse4elheDQ64Thv20zwQnY-Y-ucdZ49).png"}, "timestamp": 1771706451886.43, "hypothesisId": "H1"}
{"sessionId": "0b439e", "location": "app.py:upload", "message": "before thumbnail", "data": {"filename": "Animal Sanctuary (1BUse4elheDQ64Thv20zwQnY-Y-ucdZ49).png"}, "timestamp": 1771706451886.43, "hypothesisId": "H3"}
{"sessionId": "0b439e", "location": "app.py:upload", "message": "thumbnail_ok", "data": {"filename": "Animal Sanctuary (1BUse4elheDQ64Thv20zwQnY-Y-ucdZ49).png"}, "timestamp": 1771706451969.4053, "hypothesisId": "H3"}
{"sessionId": "0b439e", "location": "app.py:upload", "message": "upload done", "data": {"files_count": 3, "thumbnails_count": 3, "store_len_after": 6}, "timestamp": 1771706451971.4116, "hypothesisId": "H6"}
{"sessionId": "0b439e", "location": "app.py:upload", "message": "upload entry", "data": {"request_files_keys": ["files"], "getlist_files_len": 1, "store_len": 6}, "timestamp": 1771706453921.8354, "hypothesisId": "H4"}
{"sessionId": "0b439e", "location": "app.py:upload", "message": "after read", "data": {"filename": "Arcane Signet (Dan Scott) (13MEPJCeqY9ikhRfUnKwOm8LJ_FuW5pXj).jpg", "data_len": 569395}, "timestamp": 1771706453921.8354, "hypothesisId": "H2"}
{"sessionId": "0b439e", "location": "app.py:upload", "message": "validate_ok", "data": {"filename": "Arcane Signet (Dan Scott) (13MEPJCeqY9ikhRfUnKwOm8LJ_FuW5pXj).jpg"}, "timestamp": 1771706453938.6375, "hypothesisId": "H1"}
{"sessionId": "0b439e", "location": "app.py:upload", "message": "before thumbnail", "data": {"filename": "Arcane Signet (Dan Scott) (13MEPJCeqY9ikhRfUnKwOm8LJ_FuW5pXj).jpg"}, "timestamp": 1771706453940.4717, "hypothesisId": "H3"}
{"sessionId": "0b439e", "location": "app.py:upload", "message": "thumbnail_ok", "data": {"filename": "Arcane Signet (Dan Scott) (13MEPJCeqY9ikhRfUnKwOm8LJ_FuW5pXj).jpg"}, "timestamp": 1771706453949.1729, "hypothesisId": "H3"}
{"sessionId": "0b439e", "location": "app.py:upload", "message": "upload done", "data": {"files_count": 1, "thumbnails_count": 1, "store_len_after": 7}, "timestamp": 1771706453949.1729, "hypothesisId": "H6"}
{"sessionId": "0b439e", "location": "app.py:upload", "message": "upload entry", "data": {"request_files_keys": ["files"], "getlist_files_len": 1, "store_len": 7}, "timestamp": 1771706455824.3894, "hypothesisId": "H4"}
{"sessionId": "0b439e", "location": "app.py:upload", "message": "after read", "data": {"filename": "Arcane Signet (Dani Pendergast) {820} (14kiIsDkn7M1zdQd-hKWMdSfPR3p1hUCK).jpg", "data_len": 583426}, "timestamp": 1771706455825.3987, "hypothesisId": "H2"}
{"sessionId": "0b439e", "location": "app.py:upload", "message": "validate_ok", "data": {"filename": "Arcane Signet (Dani Pendergast) {820} (14kiIsDkn7M1zdQd-hKWMdSfPR3p1hUCK).jpg"}, "timestamp": 1771706455840.959, "hypothesisId": "H1"}
{"sessionId": "0b439e", "location": "app.py:upload", "message": "before thumbnail", "data": {"filename": "Arcane Signet (Dani Pendergast) {820} (14kiIsDkn7M1zdQd-hKWMdSfPR3p1hUCK).jpg"}, "timestamp": 1771706455840.959, "hypothesisId": "H3"}
{"sessionId": "0b439e", "location": "app.py:upload", "message": "thumbnail_ok", "data": {"filename": "Arcane Signet (Dani Pendergast) {820} (14kiIsDkn7M1zdQd-hKWMdSfPR3p1hUCK).jpg"}, "timestamp": 1771706455850.0974, "hypothesisId": "H3"}
{"sessionId": "0b439e", "location": "app.py:upload", "message": "upload done", "data": {"files_count": 1, "thumbnails_count": 1, "store_len_after": 8}, "timestamp": 1771706455850.0974, "hypothesisId": "H6"}
{"sessionId": "0b439e", "location": "app.py:upload", "message": "upload entry", "data": {"request_files_keys": ["files"], "getlist_files_len": 1, "store_len": 8}, "timestamp": 1771706457607.8145, "hypothesisId": "H4"}
{"sessionId": "0b439e", "location": "app.py:upload", "message": "after read", "data": {"filename": "Archmage Emeritus (1anE1tzKHJUhtDff-z3U8YEfQw8v6AwDd).jpg", "data_len": 614932}, "timestamp": 1771706457608.831, "hypothesisId": "H2"}
{"sessionId": "0b439e", "location": "app.py:upload", "message": "validate_ok", "data": {"filename": "Archmage Emeritus (1anE1tzKHJUhtDff-z3U8YEfQw8v6AwDd).jpg"}, "timestamp": 1771706457625.6228, "hypothesisId": "H1"}
{"sessionId": "0b439e", "location": "app.py:upload", "message": "before thumbnail", "data": {"filename": "Archmage Emeritus (1anE1tzKHJUhtDff-z3U8YEfQw8v6AwDd).jpg"}, "timestamp": 1771706457625.6228, "hypothesisId": "H3"}
{"sessionId": "0b439e", "location": "app.py:upload", "message": "thumbnail_ok", "data": {"filename": "Archmage Emeritus (1anE1tzKHJUhtDff-z3U8YEfQw8v6AwDd).jpg"}, "timestamp": 1771706457636.1987, "hypothesisId": "H3"}
{"sessionId": "0b439e", "location": "app.py:upload", "message": "upload done", "data": {"files_count": 1, "thumbnails_count": 1, "store_len_after": 9}, "timestamp": 1771706457636.1987, "hypothesisId": "H6"}
{"sessionId": "0b439e", "location": "app.py:upload", "message": "upload entry", "data": {"request_files_keys": ["files"], "getlist_files_len": 1, "store_len": 0}, "timestamp": 1771706501279.1743, "hypothesisId": "H4"}
{"sessionId": "0b439e", "location": "app.py:upload", "message": "after read", "data": {"filename": "Abrade (1H6RmL0jsAwiaUIuVE5KXNiQnlFT8njOc).png", "data_len": 5393118}, "timestamp": 1771706501281.2393, "hypothesisId": "H2"}
{"sessionId": "0b439e", "location": "app.py:upload", "message": "validate_ok", "data": {"filename": "Abrade (1H6RmL0jsAwiaUIuVE5KXNiQnlFT8njOc).png"}, "timestamp": 1771706501366.5142, "hypothesisId": "H1"}
{"sessionId": "0b439e", "location": "app.py:upload", "message": "before thumbnail", "data": {"filename": "Abrade (1H6RmL0jsAwiaUIuVE5KXNiQnlFT8njOc).png"}, "timestamp": 1771706501368.8416, "hypothesisId": "H3"}
{"sessionId": "0b439e", "location": "app.py:upload", "message": "thumbnail_ok", "data": {"filename": "Abrade (1H6RmL0jsAwiaUIuVE5KXNiQnlFT8njOc).png"}, "timestamp": 1771706501494.3901, "hypothesisId": "H3"}
{"sessionId": "0b439e", "location": "app.py:upload", "message": "upload done", "data": {"files_count": 1, "thumbnails_count": 1, "store_len_after": 1}, "timestamp": 1771706501495.8972, "hypothesisId": "H6"}
